device=cuda params=468514 mode=multiplicative alpha=1.0 D=90
[#---------------------]    5/150   3%  J_H~-0.320  MAE~0.488  ent~8.658  eta 18m49s
[#---------------------]   10/150   6%  J_H~-0.289  MAE~0.310  ent~8.691  eta 18m02s
[##--------------------]   15/150  10%  J_H~-0.243  MAE~0.122  ent~8.666  eta 17m24s
[###-------------------]   20/150  13%  J_H~-0.208  MAE~0.118  ent~8.604  eta 16m45s
[####------------------]   25/150  16%  J_H~-0.170  MAE~0.130  ent~8.510  eta 16m06s
[####------------------]   30/150  20%  J_H~-0.135  MAE~0.130  ent~8.522  eta 15m27s
[#####-----------------]   35/150  23%  J_H~-0.110  MAE~0.135  ent~8.479  eta 14m50s
[######----------------]   40/150  26%  J_H~-0.095  MAE~0.146  ent~8.450  eta 14m10s
[#######---------------]   45/150  30%  J_H~-0.089  MAE~0.145  ent~8.428  eta 13m34s
[#######---------------]   50/150  33%  J_H~-0.081  MAE~0.140  ent~8.378  eta 12m55s
  [checkpoint @ 50/150] -> tenure/checkpoints/toggle_aware.pt
[########--------------]   55/150  36%  J_H~-0.072  MAE~0.139  ent~8.368  eta 12m16s
[#########-------------]   60/150  40%  J_H~-0.067  MAE~0.143  ent~8.314  eta 11m37s
[##########------------]   65/150  43%  J_H~-0.066  MAE~0.140  ent~8.286  eta 10m58s
[##########------------]   70/150  46%  J_H~-0.065  MAE~0.140  ent~8.353  eta 10m18s
[###########-----------]   75/150  50%  J_H~-0.062  MAE~0.145  ent~8.381  eta 9m40s
[############----------]   80/150  53%  J_H~-0.056  MAE~0.148  ent~8.359  eta 9m01s
[############----------]   85/150  56%  J_H~-0.053  MAE~0.146  ent~8.362  eta 8m22s
[#############---------]   90/150  60%  J_H~-0.058  MAE~0.142  ent~8.313  eta 7m43s
[##############--------]   95/150  63%  J_H~-0.052  MAE~0.146  ent~8.349  eta 7m05s
[###############-------]  100/150  66%  J_H~-0.048  MAE~0.151  ent~8.317  eta 6m26s
  [checkpoint @ 100/150] -> tenure/checkpoints/toggle_aware.pt
[###############-------]  105/150  70%  J_H~-0.049  MAE~0.151  ent~8.269  eta 5m47s
[################------]  110/150  73%  J_H~-0.044  MAE~0.148  ent~8.333  eta 5m09s
[#################-----]  115/150  76%  J_H~-0.037  MAE~0.151  ent~8.051  eta 4m30s
[##################----]  120/150  80%  J_H~-0.021  MAE~0.149  ent~8.041  eta 3m51s
[##################----]  125/150  83%  J_H~-0.006  MAE~0.148  ent~7.731  eta 3m13s
[###################---]  130/150  86%  J_H~0.011  MAE~0.154  ent~7.670  eta 2m34s
[####################--]  135/150  90%  J_H~0.037  MAE~0.155  ent~7.454  eta 1m55s
[#####################-]  140/150  93%  J_H~0.060  MAE~0.156  ent~7.125  eta 1m17s
[#####################-]  145/150  96%  J_H~0.112  MAE~0.155  ent~6.194  eta 38s
[######################]  150/150 100%  J_H~0.211  MAE~0.147  ent~5.731  eta 0s
done: best J_H(train)=0.3102
saved checkpoint -> tenure/checkpoints/toggle_aware.pt
