device=cuda params=468514 mode=multiplicative alpha=1.0 D=90
[----------------------]    5/250   2%  J_H~-0.290  MAE~0.495  ent~9.176  eta 31m33s
[#---------------------]   10/250   4%  J_H~-0.269  MAE~0.310  ent~9.131  eta 31m00s
[#---------------------]   15/250   6%  J_H~-0.238  MAE~0.113  ent~8.724  eta 30m07s
[##--------------------]   20/250   8%  J_H~-0.204  MAE~0.101  ent~9.305  eta 29m28s
[##--------------------]   25/250  10%  J_H~-0.164  MAE~0.101  ent~9.263  eta 28m54s
[###-------------------]   30/250  12%  J_H~-0.134  MAE~0.093  ent~9.253  eta 28m11s
[###-------------------]   35/250  14%  J_H~-0.109  MAE~0.086  ent~9.400  eta 27m36s
[####------------------]   40/250  16%  J_H~-0.091  MAE~0.082  ent~9.076  eta 27m11s
[####------------------]   45/250  18%  J_H~-0.080  MAE~0.073  ent~9.467  eta 26m52s
[####------------------]   50/250  20%  J_H~-0.075  MAE~0.076  ent~9.284  eta 26m27s
  [checkpoint @ 50/250] -> tenure/checkpoints/toggle_aware.pt
[#####-----------------]   55/250  22%  J_H~-0.072  MAE~0.072  ent~8.368  eta 25m41s
[#####-----------------]   60/250  24%  J_H~-0.072  MAE~0.070  ent~9.039  eta 24m58s
[######----------------]   65/250  26%  J_H~-0.073  MAE~0.072  ent~8.546  eta 24m36s
[######----------------]   70/250  28%  J_H~-0.071  MAE~0.070  ent~8.922  eta 23m59s
[#######---------------]   75/250  30%  J_H~-0.069  MAE~0.075  ent~8.948  eta 23m14s
[#######---------------]   80/250  32%  J_H~-0.073  MAE~0.072  ent~9.018  eta 22m30s
[#######---------------]   85/250  34%  J_H~-0.076  MAE~0.069  ent~9.216  eta 21m48s
[########--------------]   90/250  36%  J_H~-0.072  MAE~0.068  ent~9.077  eta 21m08s
[########--------------]   95/250  38%  J_H~-0.075  MAE~0.067  ent~9.405  eta 20m37s
