device=cuda params=468514 mode=multiplicative alpha=1.0 D=90
[----------------------]    5/300   1%  J_H~-0.267  MAE~0.465  ent~8.715  eta 40m01s
[#---------------------]   10/300   3%  J_H~-0.245  MAE~0.302  ent~8.586  eta 39m01s
[#---------------------]   15/300   5%  J_H~-0.187  MAE~0.142  ent~8.486  eta 37m54s
[#---------------------]   20/300   6%  J_H~-0.129  MAE~0.155  ent~8.386  eta 37m07s
[##--------------------]   25/300   8%  J_H~-0.097  MAE~0.166  ent~8.331  eta 36m18s
[##--------------------]   30/300  10%  J_H~-0.082  MAE~0.164  ent~8.415  eta 35m39s
[###-------------------]   35/300  11%  J_H~-0.070  MAE~0.158  ent~8.304  eta 34m56s
[###-------------------]   40/300  13%  J_H~-0.057  MAE~0.156  ent~8.285  eta 34m17s
[###-------------------]   45/300  15%  J_H~-0.034  MAE~0.158  ent~8.031  eta 33m38s
[####------------------]   50/300  16%  J_H~0.003  MAE~0.141  ent~7.463  eta 32m59s
[####------------------]   55/300  18%  J_H~0.040  MAE~0.104  ent~6.970  eta 32m20s
[####------------------]   60/300  20%  J_H~0.074  MAE~0.086  ent~6.559  eta 31m40s
  [checkpoint @ 60/300] -> tenure/checkpoints/toggle_aware.pt
[#####-----------------]   65/300  21%  J_H~0.098  MAE~0.097  ent~6.615  eta 31m02s
[#####-----------------]   70/300  23%  J_H~0.108  MAE~0.108  ent~6.182  eta 30m44s
[######----------------]   75/300  25%  J_H~0.131  MAE~0.107  ent~6.382  eta 30m02s
[######----------------]   80/300  26%  J_H~0.159  MAE~0.111  ent~6.221  eta 29m21s
[######----------------]   85/300  28%  J_H~0.187  MAE~0.123  ent~5.622  eta 28m37s
[#######---------------]   90/300  30%  J_H~0.237  MAE~0.124  ent~5.453  eta 27m56s
[#######---------------]   95/300  31%  J_H~0.281  MAE~0.116  ent~5.283  eta 27m15s
[#######---------------]  100/300  33%  J_H~0.321  MAE~0.109  ent~5.289  eta 26m34s
[########--------------]  105/300  35%  J_H~0.362  MAE~0.103  ent~4.801  eta 25m54s
[########--------------]  110/300  36%  J_H~0.406  MAE~0.100  ent~4.833  eta 25m13s
[########--------------]  115/300  38%  J_H~0.421  MAE~0.099  ent~5.224  eta 24m32s
[#########-------------]  120/300  40%  J_H~0.431  MAE~0.101  ent~5.134  eta 23m51s
  [checkpoint @ 120/300] -> tenure/checkpoints/toggle_aware.pt
[#########-------------]  125/300  41%  J_H~0.469  MAE~0.103  ent~5.227  eta 23m10s
[##########------------]  130/300  43%  J_H~0.505  MAE~0.111  ent~5.098  eta 22m31s
[##########------------]  135/300  45%  J_H~0.558  MAE~0.116  ent~5.059  eta 21m50s
[##########------------]  140/300  46%  J_H~0.621  MAE~0.110  ent~4.840  eta 21m10s
[###########-----------]  145/300  48%  J_H~0.670  MAE~0.098  ent~4.778  eta 20m30s
[###########-----------]  150/300  50%  J_H~0.700  MAE~0.089  ent~4.838  eta 19m50s
[###########-----------]  155/300  51%  J_H~0.711  MAE~0.088  ent~4.977  eta 19m09s
[############----------]  160/300  53%  J_H~0.720  MAE~0.095  ent~4.993  eta 18m29s
[############----------]  165/300  55%  J_H~0.752  MAE~0.095  ent~4.824  eta 17m50s
[############----------]  170/300  56%  J_H~0.786  MAE~0.087  ent~4.743  eta 17m10s
[#############---------]  175/300  58%  J_H~0.821  MAE~0.082  ent~4.728  eta 16m30s
[#############---------]  180/300  60%  J_H~0.862  MAE~0.084  ent~4.433  eta 15m50s
  [checkpoint @ 180/300] -> tenure/checkpoints/toggle_aware.pt
[##############--------]  185/300  61%  J_H~0.922  MAE~0.080  ent~4.436  eta 15m10s
[##############--------]  190/300  63%  J_H~0.990  MAE~0.074  ent~4.349  eta 14m31s
[##############--------]  195/300  65%  J_H~1.012  MAE~0.074  ent~4.271  eta 13m51s
[###############-------]  200/300  66%  J_H~1.038  MAE~0.071  ent~4.357  eta 13m11s
[###############-------]  205/300  68%  J_H~1.127  MAE~0.063  ent~4.005  eta 12m32s
[###############-------]  210/300  70%  J_H~1.197  MAE~0.062  ent~4.000  eta 11m52s
[################------]  215/300  71%  J_H~1.235  MAE~0.062  ent~3.908  eta 11m12s
[################------]  220/300  73%  J_H~1.276  MAE~0.059  ent~3.787  eta 10m33s
[################------]  225/300  75%  J_H~1.325  MAE~0.056  ent~3.936  eta 9m53s
[#################-----]  230/300  76%  J_H~1.367  MAE~0.057  ent~3.883  eta 9m13s
[#################-----]  235/300  78%  J_H~1.386  MAE~0.056  ent~3.741  eta 8m34s
[##################----]  240/300  80%  J_H~1.423  MAE~0.050  ent~3.665  eta 7m54s
  [checkpoint @ 240/300] -> tenure/checkpoints/toggle_aware.pt
[##################----]  245/300  81%  J_H~1.465  MAE~0.049  ent~3.726  eta 7m15s
[##################----]  250/300  83%  J_H~1.476  MAE~0.051  ent~3.739  eta 6m35s
[###################---]  255/300  85%  J_H~1.492  MAE~0.051  ent~3.794  eta 5m55s
[###################---]  260/300  86%  J_H~1.544  MAE~0.048  ent~3.552  eta 5m16s
[###################---]  265/300  88%  J_H~1.578  MAE~0.044  ent~3.431  eta 4m36s
[####################--]  270/300  90%  J_H~1.586  MAE~0.041  ent~3.450  eta 3m57s
[####################--]  275/300  91%  J_H~1.607  MAE~0.036  ent~3.510  eta 3m17s
[#####################-]  280/300  93%  J_H~1.625  MAE~0.035  ent~3.459  eta 2m38s
[#####################-]  285/300  95%  J_H~1.636  MAE~0.035  ent~3.358  eta 1m58s
[#####################-]  290/300  96%  J_H~1.647  MAE~0.035  ent~3.315  eta 1m19s
[######################]  295/300  98%  J_H~1.667  MAE~0.034  ent~3.413  eta 39s
[######################]  300/300 100%  J_H~1.676  MAE~0.033  ent~3.492  eta 0s
done: best J_H(train)=1.7125
saved checkpoint -> tenure/checkpoints/toggle_aware.pt
