device=cpu params=434845 mode=multiplicative alpha=1.0 D=60
[#---------------------]   10/260   3%  J_H~0.036  MAE~0.288  ent~10.200  eta 118m45s
[##--------------------]   20/260   7%  J_H~0.071  MAE~0.216  ent~9.868  eta 113m00s
[###-------------------]   30/260  11%  J_H~0.151  MAE~0.184  ent~8.996  eta 109m29s
[###-------------------]   40/260  15%  J_H~0.240  MAE~0.150  ent~8.627  eta 105m49s
  [checkpoint @ 40/260] -> tenure/checkpoints/e9_vanilla.pt
[####------------------]   50/260  19%  J_H~0.273  MAE~0.138  ent~8.314  eta 101m15s
[#####-----------------]   60/260  23%  J_H~0.324  MAE~0.123  ent~8.038  eta 96m44s
[######----------------]   70/260  26%  J_H~0.328  MAE~0.118  ent~7.305  eta 92m01s
[#######---------------]   80/260  30%  J_H~0.343  MAE~0.116  ent~7.192  eta 87m11s
  [checkpoint @ 80/260] -> tenure/checkpoints/e9_vanilla.pt
[########--------------]   90/260  34%  J_H~0.347  MAE~0.112  ent~7.566  eta 82m15s
[########--------------]  100/260  38%  J_H~0.349  MAE~0.114  ent~7.592  eta 77m24s
[#########-------------]  110/260  42%  J_H~0.346  MAE~0.111  ent~7.921  eta 72m31s
[##########------------]  120/260  46%  J_H~0.361  MAE~0.111  ent~7.489  eta 67m40s
  [checkpoint @ 120/260] -> tenure/checkpoints/e9_vanilla.pt
[###########-----------]  130/260  50%  J_H~0.385  MAE~0.104  ent~7.018  eta 62m48s
[############----------]  140/260  53%  J_H~0.386  MAE~0.102  ent~7.404  eta 57m46s
[#############---------]  150/260  57%  J_H~0.376  MAE~0.106  ent~7.581  eta 52m45s
[##############--------]  160/260  61%  J_H~0.374  MAE~0.105  ent~7.775  eta 47m49s
  [checkpoint @ 160/260] -> tenure/checkpoints/e9_vanilla.pt
[##############--------]  170/260  65%  J_H~0.383  MAE~0.103  ent~7.353  eta 42m57s
[###############-------]  180/260  69%  J_H~0.399  MAE~0.101  ent~7.431  eta 38m06s
[################------]  190/260  73%  J_H~0.401  MAE~0.101  ent~7.859  eta 33m15s
[#################-----]  200/260  76%  J_H~0.394  MAE~0.106  ent~7.993  eta 28m25s
  [checkpoint @ 200/260] -> tenure/checkpoints/e9_vanilla.pt
[##################----]  210/260  80%  J_H~0.398  MAE~0.110  ent~7.661  eta 23m37s
[###################---]  220/260  84%  J_H~0.418  MAE~0.103  ent~7.755  eta 18m51s
[###################---]  230/260  88%  J_H~0.443  MAE~0.095  ent~7.312  eta 14m07s
[####################--]  240/260  92%  J_H~0.472  MAE~0.098  ent~7.144  eta 9m23s
  [checkpoint @ 240/260] -> tenure/checkpoints/e9_vanilla.pt
[#####################-]  250/260  96%  J_H~0.470  MAE~0.101  ent~7.502  eta 4m41s
[######################]  260/260 100%  J_H~0.495  MAE~0.098  ent~7.198  eta 0s
done: best J_H(train)=0.5063 (stopped @ 260 updates)
saved checkpoint -> tenure/checkpoints/e9_vanilla.pt
