[d1 17:18:47] DYNEXP off_blind_s0
device=cuda params=468002 mode=off alpha=1.0 D=90
[##--------------------]   40/420   9%  J_H~-0.081  MAE~0.071  ent~8.382  eta 61m08s
[####------------------]   80/420  19%  J_H~-0.049  MAE~0.074  ent~8.141  eta 54m36s
[######----------------]  120/420  28%  J_H~-0.008  MAE~0.108  ent~7.835  eta 48m09s
[########--------------]  160/420  38%  J_H~0.041  MAE~0.145  ent~7.532  eta 41m44s
[##########------------]  200/420  47%  J_H~0.095  MAE~0.165  ent~6.759  eta 35m18s
[#############---------]  240/420  57%  J_H~0.136  MAE~0.162  ent~6.523  eta 28m54s
[###############-------]  280/420  66%  J_H~0.181  MAE~0.158  ent~5.901  eta 22m29s
[#################-----]  320/420  76%  J_H~0.226  MAE~0.152  ent~6.034  eta 16m04s
[###################---]  360/420  85%  J_H~0.298  MAE~0.161  ent~5.405  eta 9m38s
[#####################-]  400/420  95%  J_H~0.431  MAE~0.145  ent~5.100  eta 3m12s
[######################]  420/420 100%  J_H~0.429  MAE~0.151  ent~5.088  eta 0s
done: best J_H(train)=0.4692 (stopped @ 420 updates)
saved checkpoint -> tenure/checkpoints/hd2dyn_off_blind_s0.pt
[d1 18:26:16] DONE off_blind_s0
[d1 18:26:16] DYNEXP off_aware_s1
device=cuda params=468514 mode=off alpha=1.0 D=90
[##--------------------]   40/420   9%  J_H~-0.082  MAE~0.084  ent~8.410  eta 61m07s
[####------------------]   80/420  19%  J_H~-0.048  MAE~0.083  ent~8.157  eta 54m38s
[######----------------]  120/420  28%  J_H~-0.030  MAE~0.088  ent~7.973  eta 48m09s
[########--------------]  160/420  38%  J_H~-0.006  MAE~0.089  ent~7.839  eta 41m47s
[##########------------]  200/420  47%  J_H~-0.002  MAE~0.087  ent~7.963  eta 35m20s
[#############---------]  240/420  57%  J_H~0.009  MAE~0.100  ent~7.413  eta 28m55s
[###############-------]  280/420  66%  J_H~0.094  MAE~0.142  ent~6.406  eta 22m28s
[#################-----]  320/420  76%  J_H~0.263  MAE~0.151  ent~3.841  eta 16m03s
[###################---]  360/420  85%  J_H~0.379  MAE~0.146  ent~4.209  eta 9m38s
[#####################-]  400/420  95%  J_H~0.405  MAE~0.148  ent~4.635  eta 3m12s
[######################]  420/420 100%  J_H~0.408  MAE~0.151  ent~4.899  eta 0s
done: best J_H(train)=0.4514 (stopped @ 420 updates)
saved checkpoint -> tenure/checkpoints/hd2dyn_off_aware_s1.pt
[d1 19:33:47] DONE off_aware_s1
[d1 19:33:47] DYNEXP mult_aware_s1
device=cuda params=468514 mode=multiplicative alpha=1.0 D=90
[##--------------------]   40/420   9%  J_H~-0.086  MAE~0.098  ent~8.434  eta 60m45s
[####------------------]   80/420  19%  J_H~-0.057  MAE~0.114  ent~8.286  eta 55m53s
[######----------------]  120/420  28%  J_H~-0.036  MAE~0.116  ent~8.068  eta 49m51s
[########--------------]  160/420  38%  J_H~0.016  MAE~0.116  ent~7.595  eta 42m59s
[##########------------]  200/420  47%  J_H~0.034  MAE~0.127  ent~7.519  eta 36m13s
[#############---------]  240/420  57%  J_H~0.097  MAE~0.161  ent~6.630  eta 29m32s
[###############-------]  280/420  66%  J_H~0.127  MAE~0.163  ent~6.567  eta 22m55s
[#################-----]  320/420  76%  J_H~0.134  MAE~0.166  ent~6.700  eta 16m21s
[###################---]  360/420  85%  J_H~0.294  MAE~0.162  ent~5.258  eta 9m48s
[#####################-]  400/420  95%  J_H~0.390  MAE~0.148  ent~4.708  eta 3m15s
[######################]  420/420 100%  J_H~0.382  MAE~0.156  ent~4.777  eta 0s
done: best J_H(train)=0.4417 (stopped @ 420 updates)
saved checkpoint -> tenure/checkpoints/hd2dyn_mult_aware_s1.pt
[d1 20:42:23] DONE mult_aware_s1
[d1 20:42:23] DYNEXP off_blind_s2
device=cuda params=468002 mode=off alpha=1.0 D=90
[##--------------------]   40/420   9%  J_H~-0.074  MAE~0.091  ent~8.314  eta 62m02s
[####------------------]   80/420  19%  J_H~-0.061  MAE~0.098  ent~8.363  eta 55m18s
[######----------------]  120/420  28%  J_H~-0.032  MAE~0.091  ent~8.055  eta 48m46s
[########--------------]  160/420  38%  J_H~-0.011  MAE~0.111  ent~8.054  eta 42m16s
[##########------------]  200/420  47%  J_H~0.024  MAE~0.128  ent~7.350  eta 36m13s
[#############---------]  240/420  57%  J_H~0.052  MAE~0.145  ent~7.151  eta 30m41s
[###############-------]  280/420  66%  J_H~0.185  MAE~0.163  ent~4.839  eta 24m55s
[#################-----]  320/420  76%  J_H~0.228  MAE~0.161  ent~4.979  eta 18m16s
[###################---]  360/420  85%  J_H~0.330  MAE~0.159  ent~5.251  eta 11m07s
[#####################-]  400/420  95%  J_H~0.425  MAE~0.149  ent~4.930  eta 3m45s
[######################]  420/420 100%  J_H~0.410  MAE~0.159  ent~5.087  eta 0s
done: best J_H(train)=0.4647 (stopped @ 420 updates)
saved checkpoint -> tenure/checkpoints/hd2dyn_off_blind_s2.pt
[d1 22:01:59] DONE off_blind_s2
[d1 22:01:59] DYNEXP off_aware_s3
device=cuda params=468514 mode=off alpha=1.0 D=90
[##--------------------]   40/420   9%  J_H~-0.079  MAE~0.114  ent~8.340  eta 84m11s
[####------------------]   80/420  19%  J_H~-0.042  MAE~0.120  ent~8.136  eta 74m31s
[######----------------]  120/420  28%  J_H~-0.013  MAE~0.149  ent~7.724  eta 65m04s
[########--------------]  160/420  38%  J_H~0.075  MAE~0.164  ent~6.798  eta 56m05s
[##########------------]  200/420  47%  J_H~0.113  MAE~0.162  ent~6.837  eta 47m16s
[#############---------]  240/420  57%  J_H~0.236  MAE~0.166  ent~4.646  eta 38m34s
[###############-------]  280/420  66%  J_H~0.379  MAE~0.159  ent~4.658  eta 29m51s
[#################-----]  320/420  76%  J_H~0.454  MAE~0.152  ent~4.301  eta 21m19s
[###################---]  360/420  85%  J_H~0.516  MAE~0.147  ent~4.474  eta 12m46s
[#####################-]  400/420  95%  J_H~0.541  MAE~0.147  ent~4.452  eta 4m14s
[######################]  420/420 100%  J_H~0.568  MAE~0.145  ent~4.677  eta 0s
done: best J_H(train)=0.6375 (stopped @ 420 updates)
saved checkpoint -> tenure/checkpoints/hd2dyn_off_aware_s3.pt
[d1 23:31:08] DONE off_aware_s3
[d1 23:31:09] DYNEXP mult_aware_s3
device=cuda params=468514 mode=multiplicative alpha=1.0 D=90
[##--------------------]   40/420   9%  J_H~-0.077  MAE~0.136  ent~8.324  eta 78m53s
[####------------------]   80/420  19%  J_H~-0.037  MAE~0.134  ent~7.912  eta 70m27s
[######----------------]  120/420  28%  J_H~0.016  MAE~0.154  ent~7.223  eta 58m40s
[########--------------]  160/420  38%  J_H~0.176  MAE~0.166  ent~5.314  eta 48m33s
[##########------------]  200/420  47%  J_H~0.347  MAE~0.154  ent~4.429  eta 39m55s
[#############---------]  240/420  57%  J_H~0.375  MAE~0.161  ent~4.641  eta 32m00s
[###############-------]  280/420  66%  J_H~0.426  MAE~0.157  ent~4.716  eta 24m32s
[#################-----]  320/420  76%  J_H~0.501  MAE~0.145  ent~4.503  eta 17m19s
[###################---]  360/420  85%  J_H~0.560  MAE~0.144  ent~4.347  eta 10m18s
[#####################-]  400/420  95%  J_H~0.595  MAE~0.139  ent~4.178  eta 3m24s
[######################]  420/420 100%  J_H~0.631  MAE~0.138  ent~3.996  eta 0s
done: best J_H(train)=0.6762 (stopped @ 420 updates)
saved checkpoint -> tenure/checkpoints/hd2dyn_mult_aware_s3.pt
[d1 00:42:43] DONE mult_aware_s3
[d1 00:42:44] DYNEXP off_blind_s4
device=cuda params=468002 mode=off alpha=1.0 D=90
[##--------------------]   40/420   9%  J_H~-0.072  MAE~0.095  ent~8.281  eta 60m53s
[####------------------]   80/420  19%  J_H~-0.055  MAE~0.065  ent~8.178  eta 54m21s
[######----------------]  120/420  28%  J_H~-0.054  MAE~0.077  ent~8.162  eta 49m04s
