[w0 18:20:20] START mult_aware_s1
device=cuda params=468514 mode=multiplicative alpha=1.0 D=90
[##--------------------]   20/220   9%  J_H~-0.213  MAE~0.077  ent~8.536  eta 32m52s
[####------------------]   40/220  18%  J_H~-0.093  MAE~0.086  ent~8.478  eta 29m24s
[######----------------]   60/220  27%  J_H~-0.066  MAE~0.081  ent~8.258  eta 26m01s
[########--------------]   80/220  36%  J_H~-0.050  MAE~0.089  ent~8.250  eta 22m41s
[##########------------]  100/220  45%  J_H~-0.040  MAE~0.105  ent~8.179  eta 19m28s
[############----------]  120/220  54%  J_H~-0.042  MAE~0.110  ent~8.269  eta 16m11s
[##############--------]  140/220  63%  J_H~-0.037  MAE~0.117  ent~8.191  eta 12m56s
[################------]  160/220  72%  J_H~-0.015  MAE~0.126  ent~8.051  eta 9m41s
[##################----]  180/220  81%  J_H~-0.010  MAE~0.136  ent~8.032  eta 6m27s
[####################--]  200/220  90%  J_H~0.013  MAE~0.129  ent~7.756  eta 3m13s
[######################]  220/220 100%  J_H~0.041  MAE~0.130  ent~7.602  eta 0s
done: best J_H(train)=0.0539
saved checkpoint -> tenure/checkpoints/hd2_mult_aware_s1.pt
[w0 18:55:49] DONE mult_aware_s1
[w0 18:55:49] START off_blind_s2
device=cuda params=468002 mode=off alpha=1.0 D=90
[##--------------------]   20/220   9%  J_H~-0.144  MAE~0.088  ent~8.421  eta 37m02s
[####------------------]   40/220  18%  J_H~-0.071  MAE~0.093  ent~8.249  eta 31m05s
[######----------------]   60/220  27%  J_H~-0.058  MAE~0.083  ent~8.277  eta 26m56s
[########--------------]   80/220  36%  J_H~-0.050  MAE~0.098  ent~8.182  eta 23m13s
[##########------------]  100/220  45%  J_H~-0.038  MAE~0.102  ent~8.151  eta 19m45s
[############----------]  120/220  54%  J_H~-0.028  MAE~0.113  ent~7.960  eta 16m22s
[##############--------]  140/220  63%  J_H~-0.013  MAE~0.139  ent~7.806  eta 13m02s
[################------]  160/220  72%  J_H~0.037  MAE~0.163  ent~7.437  eta 9m45s
[##################----]  180/220  81%  J_H~0.096  MAE~0.170  ent~6.527  eta 6m29s
[####################--]  200/220  90%  J_H~0.186  MAE~0.165  ent~5.714  eta 3m14s
[######################]  220/220 100%  J_H~0.232  MAE~0.162  ent~5.566  eta 0s
done: best J_H(train)=0.2674
saved checkpoint -> tenure/checkpoints/hd2_off_blind_s2.pt
[w0 19:31:31] DONE off_blind_s2
[w0 19:31:31] START off_aware_s3
device=cuda params=468514 mode=off alpha=1.0 D=90
[##--------------------]   20/220   9%  J_H~-0.163  MAE~0.093  ent~8.522  eta 38m15s
[####------------------]   40/220  18%  J_H~-0.079  MAE~0.093  ent~8.291  eta 32m50s
[######----------------]   60/220  27%  J_H~-0.059  MAE~0.105  ent~8.224  eta 28m05s
[########--------------]   80/220  36%  J_H~-0.048  MAE~0.098  ent~8.140  eta 24m03s
[##########------------]  100/220  45%  J_H~-0.033  MAE~0.125  ent~7.950  eta 20m22s
[############----------]  120/220  54%  J_H~-0.013  MAE~0.122  ent~7.610  eta 17m05s
[##############--------]  140/220  63%  J_H~0.005  MAE~0.133  ent~7.653  eta 13m32s
[################------]  160/220  72%  J_H~0.043  MAE~0.133  ent~7.540  eta 10m06s
[##################----]  180/220  81%  J_H~0.050  MAE~0.151  ent~7.480  eta 6m41s
[####################--]  200/220  90%  J_H~0.073  MAE~0.133  ent~7.301  eta 3m20s
[######################]  220/220 100%  J_H~0.100  MAE~0.145  ent~7.228  eta 0s
done: best J_H(train)=0.1293
saved checkpoint -> tenure/checkpoints/hd2_off_aware_s3.pt
[w0 20:08:08] DONE off_aware_s3
[w0 20:08:08] START mult_aware_s3
device=cuda params=468514 mode=multiplicative alpha=1.0 D=90
[##--------------------]   20/220   9%  J_H~-0.200  MAE~0.091  ent~8.559  eta 32m11s
[####------------------]   40/220  18%  J_H~-0.083  MAE~0.112  ent~8.160  eta 28m53s
[######----------------]   60/220  27%  J_H~-0.065  MAE~0.103  ent~8.040  eta 25m38s
[########--------------]   80/220  36%  J_H~-0.071  MAE~0.090  ent~8.335  eta 22m28s
[##########------------]  100/220  45%  J_H~-0.069  MAE~0.090  ent~8.216  eta 19m15s
[############----------]  120/220  54%  J_H~-0.050  MAE~0.124  ent~8.119  eta 16m29s
[##############--------]  140/220  63%  J_H~-0.030  MAE~0.121  ent~7.818  eta 13m21s
[################------]  160/220  72%  J_H~-0.009  MAE~0.121  ent~7.731  eta 9m57s
[##################----]  180/220  81%  J_H~0.039  MAE~0.120  ent~6.821  eta 6m36s
[####################--]  200/220  90%  J_H~0.069  MAE~0.115  ent~5.931  eta 3m17s
[######################]  220/220 100%  J_H~0.147  MAE~0.110  ent~4.025  eta 0s
done: best J_H(train)=0.1704
saved checkpoint -> tenure/checkpoints/hd2_mult_aware_s3.pt
[w0 20:44:19] DONE mult_aware_s3
[w0 20:44:19] START off_blind_s4
device=cuda params=468002 mode=off alpha=1.0 D=90
[##--------------------]   20/220   9%  J_H~-0.131  MAE~0.087  ent~8.420  eta 37m41s
[####------------------]   40/220  18%  J_H~-0.076  MAE~0.098  ent~8.325  eta 33m23s
[######----------------]   60/220  27%  J_H~-0.057  MAE~0.087  ent~8.286  eta 28m19s
[########--------------]   80/220  36%  J_H~-0.045  MAE~0.088  ent~8.167  eta 24m09s
[##########------------]  100/220  45%  J_H~-0.031  MAE~0.105  ent~8.103  eta 20m24s
[############----------]  120/220  54%  J_H~-0.030  MAE~0.108  ent~7.961  eta 16m51s
[##############--------]  140/220  63%  J_H~-0.011  MAE~0.116  ent~7.799  eta 13m23s
[################------]  160/220  72%  J_H~0.002  MAE~0.110  ent~7.761  eta 9m58s
[##################----]  180/220  81%  J_H~0.036  MAE~0.122  ent~7.136  eta 6m37s
[####################--]  200/220  90%  J_H~0.075  MAE~0.130  ent~6.545  eta 3m17s
[######################]  220/220 100%  J_H~0.115  MAE~0.129  ent~4.555  eta 0s
done: best J_H(train)=0.1421
saved checkpoint -> tenure/checkpoints/hd2_off_blind_s4.pt
[w0 21:20:34] DONE off_blind_s4
[w0 21:20:34] WORKER 0 EXIT (queue drained)
