[d0 17:18:33] DYNEXP off_aware_s0
device=cuda params=468514 mode=off alpha=1.0 D=90
[##--------------------]   40/420   9%  J_H~-0.082  MAE~0.097  ent~8.245  eta 60m51s
[####------------------]   80/420  19%  J_H~-0.060  MAE~0.082  ent~8.262  eta 54m34s
[######----------------]  120/420  28%  J_H~-0.044  MAE~0.103  ent~8.166  eta 48m09s
[########--------------]  160/420  38%  J_H~0.004  MAE~0.109  ent~7.358  eta 41m46s
[##########------------]  200/420  47%  J_H~0.160  MAE~0.103  ent~3.340  eta 35m21s
[#############---------]  240/420  57%  J_H~0.206  MAE~0.131  ent~3.743  eta 28m56s
[###############-------]  280/420  66%  J_H~0.349  MAE~0.127  ent~3.498  eta 22m31s
[#################-----]  320/420  76%  J_H~0.385  MAE~0.134  ent~4.131  eta 16m04s
[###################---]  360/420  85%  J_H~0.449  MAE~0.142  ent~3.850  eta 9m38s
[#####################-]  400/420  95%  J_H~0.522  MAE~0.135  ent~3.822  eta 3m12s
[######################]  420/420 100%  J_H~0.536  MAE~0.137  ent~4.322  eta 0s
done: best J_H(train)=0.5789 (stopped @ 420 updates)
saved checkpoint -> tenure/checkpoints/hd2dyn_off_aware_s0.pt
[d0 18:26:07] DONE off_aware_s0
[d0 18:26:07] DYNEXP mult_aware_s0
device=cuda params=468514 mode=multiplicative alpha=1.0 D=90
[##--------------------]   40/420   9%  J_H~-0.087  MAE~0.096  ent~8.362  eta 60m33s
[####------------------]   80/420  19%  J_H~-0.056  MAE~0.091  ent~8.201  eta 54m12s
[######----------------]  120/420  28%  J_H~-0.024  MAE~0.111  ent~7.777  eta 47m50s
[########--------------]  160/420  38%  J_H~0.023  MAE~0.138  ent~7.578  eta 41m31s
[##########------------]  200/420  47%  J_H~0.063  MAE~0.164  ent~7.130  eta 35m06s
[#############---------]  240/420  57%  J_H~0.134  MAE~0.164  ent~6.708  eta 28m44s
[###############-------]  280/420  66%  J_H~0.193  MAE~0.166  ent~5.998  eta 22m20s
[#################-----]  320/420  76%  J_H~0.250  MAE~0.165  ent~5.662  eta 15m57s
[###################---]  360/420  85%  J_H~0.356  MAE~0.155  ent~5.190  eta 9m34s
[#####################-]  400/420  95%  J_H~0.421  MAE~0.153  ent~4.853  eta 3m11s
[######################]  420/420 100%  J_H~0.419  MAE~0.155  ent~4.963  eta 0s
done: best J_H(train)=0.4581 (stopped @ 420 updates)
saved checkpoint -> tenure/checkpoints/hd2dyn_mult_aware_s0.pt
[d0 19:33:12] DONE mult_aware_s0
[d0 19:33:12] DYNEXP off_blind_s1
device=cuda params=468002 mode=off alpha=1.0 D=90
[##--------------------]   40/420   9%  J_H~-0.076  MAE~0.089  ent~8.291  eta 60m51s
[####------------------]   80/420  19%  J_H~-0.045  MAE~0.062  ent~8.156  eta 55m52s
[######----------------]  120/420  28%  J_H~-0.005  MAE~0.142  ent~7.750  eta 50m11s
[########--------------]  160/420  38%  J_H~0.035  MAE~0.121  ent~7.388  eta 43m05s
[##########------------]  200/420  47%  J_H~0.065  MAE~0.132  ent~7.156  eta 36m15s
[#############---------]  240/420  57%  J_H~0.101  MAE~0.139  ent~6.866  eta 29m32s
[###############-------]  280/420  66%  J_H~0.121  MAE~0.153  ent~6.683  eta 22m55s
[#################-----]  320/420  76%  J_H~0.185  MAE~0.148  ent~6.069  eta 16m19s
[###################---]  360/420  85%  J_H~0.197  MAE~0.162  ent~6.256  eta 9m46s
[#####################-]  400/420  95%  J_H~0.322  MAE~0.155  ent~6.177  eta 3m15s
[######################]  420/420 100%  J_H~0.294  MAE~0.156  ent~5.780  eta 0s
done: best J_H(train)=0.3697 (stopped @ 420 updates)
saved checkpoint -> tenure/checkpoints/hd2dyn_off_blind_s1.pt
[d0 20:41:37] DONE off_blind_s1
[d0 20:41:37] DYNEXP off_aware_s2
device=cuda params=468514 mode=off alpha=1.0 D=90
[##--------------------]   40/420   9%  J_H~-0.080  MAE~0.083  ent~8.191  eta 62m15s
[####------------------]   80/420  19%  J_H~-0.061  MAE~0.078  ent~8.138  eta 55m34s
[######----------------]  120/420  28%  J_H~-0.048  MAE~0.094  ent~8.138  eta 48m56s
[########--------------]  160/420  38%  J_H~-0.017  MAE~0.091  ent~7.883  eta 42m26s
[##########------------]  200/420  47%  J_H~0.018  MAE~0.137  ent~7.481  eta 36m15s
[#############---------]  240/420  57%  J_H~0.033  MAE~0.150  ent~7.421  eta 30m34s
[###############-------]  280/420  66%  J_H~0.062  MAE~0.149  ent~7.245  eta 24m49s
[#################-----]  320/420  76%  J_H~0.079  MAE~0.140  ent~7.099  eta 18m14s
[###################---]  360/420  85%  J_H~0.103  MAE~0.149  ent~7.016  eta 11m06s
[#####################-]  400/420  95%  J_H~0.149  MAE~0.152  ent~6.711  eta 3m45s
[######################]  420/420 100%  J_H~0.183  MAE~0.149  ent~6.612  eta 0s
done: best J_H(train)=0.2067 (stopped @ 420 updates)
saved checkpoint -> tenure/checkpoints/hd2dyn_off_aware_s2.pt
[d0 22:01:03] DONE off_aware_s2
[d0 22:01:03] DYNEXP mult_aware_s2
device=cuda params=468514 mode=multiplicative alpha=1.0 D=90
[##--------------------]   40/420   9%  J_H~-0.081  MAE~0.095  ent~8.299  eta 84m51s
[####------------------]   80/420  19%  J_H~-0.059  MAE~0.091  ent~8.152  eta 74m46s
[######----------------]  120/420  28%  J_H~-0.010  MAE~0.135  ent~7.587  eta 65m18s
[########--------------]  160/420  38%  J_H~0.020  MAE~0.131  ent~7.508  eta 56m13s
[##########------------]  200/420  47%  J_H~0.041  MAE~0.152  ent~7.360  eta 47m21s
[#############---------]  240/420  57%  J_H~0.109  MAE~0.156  ent~6.580  eta 38m38s
[###############-------]  280/420  66%  J_H~0.155  MAE~0.158  ent~6.381  eta 29m54s
[#################-----]  320/420  76%  J_H~0.211  MAE~0.165  ent~5.747  eta 21m20s
[###################---]  360/420  85%  J_H~0.315  MAE~0.166  ent~4.936  eta 12m47s
[#####################-]  400/420  95%  J_H~0.389  MAE~0.163  ent~4.586  eta 4m14s
[######################]  420/420 100%  J_H~0.432  MAE~0.162  ent~4.506  eta 0s
done: best J_H(train)=0.4750 (stopped @ 420 updates)
saved checkpoint -> tenure/checkpoints/hd2dyn_mult_aware_s2.pt
[d0 23:30:17] DONE mult_aware_s2
[d0 23:30:17] DYNEXP off_blind_s3
device=cuda params=468002 mode=off alpha=1.0 D=90
[##--------------------]   40/420   9%  J_H~-0.072  MAE~0.125  ent~8.310  eta 78m43s
[####------------------]   80/420  19%  J_H~-0.017  MAE~0.128  ent~7.718  eta 70m12s
[######----------------]  120/420  28%  J_H~0.033  MAE~0.142  ent~6.813  eta 59m02s
[########--------------]  160/420  38%  J_H~0.091  MAE~0.163  ent~6.567  eta 48m46s
[##########------------]  200/420  47%  J_H~0.270  MAE~0.158  ent~4.904  eta 40m04s
[#############---------]  240/420  57%  J_H~0.336  MAE~0.153  ent~4.564  eta 32m05s
[###############-------]  280/420  66%  J_H~0.390  MAE~0.156  ent~4.908  eta 24m35s
[#################-----]  320/420  76%  J_H~0.454  MAE~0.150  ent~4.952  eta 17m21s
[###################---]  360/420  85%  J_H~0.511  MAE~0.147  ent~4.975  eta 10m19s
[#####################-]  400/420  95%  J_H~0.520  MAE~0.145  ent~5.199  eta 3m25s
[######################]  420/420 100%  J_H~0.527  MAE~0.147  ent~4.979  eta 0s
done: best J_H(train)=0.5814 (stopped @ 420 updates)
saved checkpoint -> tenure/checkpoints/hd2dyn_off_blind_s3.pt
[d0 00:41:56] DONE off_blind_s3
[d0 00:41:57] DYNEXP off_aware_s4
device=cuda params=468514 mode=off alpha=1.0 D=90
[##--------------------]   40/420   9%  J_H~-0.075  MAE~0.098  ent~8.331  eta 61m11s
[####------------------]   80/420  19%  J_H~-0.051  MAE~0.114  ent~8.208  eta 54m36s
[######----------------]  120/420  28%  J_H~-0.028  MAE~0.110  ent~7.735  eta 49m04s
