[c1 03:26:53] CONVERGE off_blind_s0
device=cuda params=468002 mode=off alpha=1.0 D=90
[#---------------------]   20/420   4%  J_H~-0.163  MAE~0.090  ent~8.411  eta 63m51s
[##--------------------]   40/420   9%  J_H~-0.078  MAE~0.066  ent~8.296  eta 60m34s
[###-------------------]   60/420  14%  J_H~-0.060  MAE~0.085  ent~8.272  eta 57m29s
[####------------------]   80/420  19%  J_H~-0.044  MAE~0.110  ent~8.077  eta 54m17s
[#####-----------------]  100/420  23%  J_H~-0.032  MAE~0.101  ent~8.024  eta 51m05s
[######----------------]  120/420  28%  J_H~-0.015  MAE~0.117  ent~7.916  eta 47m53s
[#######---------------]  140/420  33%  J_H~0.010  MAE~0.136  ent~7.669  eta 44m41s
[########--------------]  160/420  38%  J_H~0.051  MAE~0.152  ent~7.285  eta 41m30s
[#########-------------]  180/420  42%  J_H~0.054  MAE~0.150  ent~7.145  eta 38m18s
[##########------------]  200/420  47%  J_H~0.067  MAE~0.152  ent~7.099  eta 35m06s
[############----------]  220/420  52%  J_H~0.079  MAE~0.147  ent~7.296  eta 31m56s
[#############---------]  240/420  57%  J_H~0.088  MAE~0.143  ent~6.996  eta 28m44s
[##############--------]  260/420  61%  J_H~0.094  MAE~0.146  ent~7.121  eta 25m32s
[###############-------]  280/420  66%  J_H~0.119  MAE~0.132  ent~6.632  eta 22m20s
[################------]  300/420  71%  J_H~0.128  MAE~0.131  ent~6.776  eta 19m09s
[#################-----]  320/420  76%  J_H~0.136  MAE~0.137  ent~6.571  eta 15m57s
[##################----]  340/420  80%  J_H~0.165  MAE~0.126  ent~6.543  eta 12m46s
[###################---]  360/420  85%  J_H~0.161  MAE~0.133  ent~6.514  eta 9m34s
[####################--]  380/420  90%  J_H~0.186  MAE~0.134  ent~6.366  eta 6m22s
[#####################-]  400/420  95%  J_H~0.222  MAE~0.146  ent~5.886  eta 3m11s
[######################]  420/420 100%  J_H~0.311  MAE~0.146  ent~4.962  eta 0s
done: best J_H(train)=0.3613 (stopped @ 420 updates)
saved checkpoint -> tenure/checkpoints/hd2conv_off_blind_s0.pt
[c1 04:33:58] DONE off_blind_s0
[c1 04:33:58] CONVERGE off_aware_s1
device=cuda params=468514 mode=off alpha=1.0 D=90
[#---------------------]   20/420   4%  J_H~-0.172  MAE~0.090  ent~8.207  eta 64m08s
[##--------------------]   40/420   9%  J_H~-0.082  MAE~0.076  ent~8.209  eta 60m46s
[###-------------------]   60/420  14%  J_H~-0.062  MAE~0.079  ent~8.134  eta 57m30s
[####------------------]   80/420  19%  J_H~-0.053  MAE~0.077  ent~8.098  eta 54m19s
[#####-----------------]  100/420  23%  J_H~-0.051  MAE~0.083  ent~8.161  eta 51m07s
[######----------------]  120/420  28%  J_H~-0.040  MAE~0.084  ent~8.092  eta 47m54s
[#######---------------]  140/420  33%  J_H~-0.032  MAE~0.100  ent~7.983  eta 44m42s
[########--------------]  160/420  38%  J_H~-0.010  MAE~0.111  ent~7.845  eta 41m29s
[#########-------------]  180/420  42%  J_H~0.002  MAE~0.142  ent~7.674  eta 38m16s
[##########------------]  200/420  47%  J_H~0.040  MAE~0.145  ent~7.248  eta 35m05s
[############----------]  220/420  52%  J_H~0.085  MAE~0.136  ent~6.780  eta 31m53s
[#############---------]  240/420  57%  J_H~0.118  MAE~0.125  ent~5.163  eta 28m41s
[##############--------]  260/420  61%  J_H~0.169  MAE~0.144  ent~3.675  eta 25m29s
[###############-------]  280/420  66%  J_H~0.209  MAE~0.136  ent~3.565  eta 22m18s
[################------]  300/420  71%  J_H~0.224  MAE~0.146  ent~3.648  eta 19m06s
[#################-----]  320/420  76%  J_H~0.304  MAE~0.137  ent~4.096  eta 15m55s
[##################----]  340/420  80%  J_H~0.376  MAE~0.141  ent~4.172  eta 12m44s
[###################---]  360/420  85%  J_H~0.419  MAE~0.133  ent~4.368  eta 9m33s
[####################--]  380/420  90%  J_H~0.460  MAE~0.124  ent~4.418  eta 6m21s
[#####################-]  400/420  95%  J_H~0.462  MAE~0.134  ent~4.609  eta 3m10s
[######################]  420/420 100%  J_H~0.465  MAE~0.137  ent~4.443  eta 0s
done: best J_H(train)=0.5058 (stopped @ 420 updates)
saved checkpoint -> tenure/checkpoints/hd2conv_off_aware_s1.pt
[c1 05:40:50] DONE off_aware_s1
[c1 05:40:50] CONVERGE mult_aware_s1
device=cuda params=468514 mode=multiplicative alpha=1.0 D=90
[#---------------------]   20/420   4%  J_H~-0.213  MAE~0.077  ent~8.536  eta 73m16s
[##--------------------]   40/420   9%  J_H~-0.093  MAE~0.086  ent~8.478  eta 64m54s
[###-------------------]   60/420  14%  J_H~-0.066  MAE~0.081  ent~8.258  eta 60m00s
[####------------------]   80/420  19%  J_H~-0.050  MAE~0.089  ent~8.250  eta 55m56s
[#####-----------------]  100/420  23%  J_H~-0.040  MAE~0.105  ent~8.179  eta 52m14s
[######----------------]  120/420  28%  J_H~-0.042  MAE~0.110  ent~8.269  eta 48m44s
[#######---------------]  140/420  33%  J_H~-0.037  MAE~0.117  ent~8.191  eta 45m19s
[########--------------]  160/420  38%  J_H~-0.015  MAE~0.126  ent~8.051  eta 42m00s
[#########-------------]  180/420  42%  J_H~-0.010  MAE~0.136  ent~8.032  eta 38m43s
[##########------------]  200/420  47%  J_H~0.013  MAE~0.129  ent~7.756  eta 35m27s
[############----------]  220/420  52%  J_H~0.041  MAE~0.130  ent~7.602  eta 32m12s
[#############---------]  240/420  57%  J_H~0.060  MAE~0.136  ent~7.376  eta 28m57s
[##############--------]  260/420  61%  J_H~0.066  MAE~0.127  ent~7.394  eta 25m43s
[###############-------]  280/420  66%  J_H~0.068  MAE~0.122  ent~7.354  eta 22m29s
[################------]  300/420  71%  J_H~0.083  MAE~0.139  ent~7.308  eta 19m16s
[#################-----]  320/420  76%  J_H~0.094  MAE~0.145  ent~7.143  eta 16m02s
[##################----]  340/420  80%  J_H~0.100  MAE~0.132  ent~7.020  eta 12m49s
[###################---]  360/420  85%  J_H~0.119  MAE~0.119  ent~6.861  eta 9m37s
[####################--]  380/420  90%  J_H~0.141  MAE~0.134  ent~6.900  eta 6m24s
[#####################-]  400/420  95%  J_H~0.151  MAE~0.125  ent~6.817  eta 3m12s
[######################]  420/420 100%  J_H~0.142  MAE~0.138  ent~6.855  eta 0s
done: best J_H(train)=0.1724 (stopped @ 420 updates)
saved checkpoint -> tenure/checkpoints/hd2conv_mult_aware_s1.pt
[c1 06:48:10] DONE mult_aware_s1
[c1 06:48:10] CONVERGE off_blind_s2
device=cuda params=468002 mode=off alpha=1.0 D=90
[#---------------------]   20/420   4%  J_H~-0.144  MAE~0.088  ent~8.421  eta 64m09s
[##--------------------]   40/420   9%  J_H~-0.071  MAE~0.093  ent~8.249  eta 60m49s
[###-------------------]   60/420  14%  J_H~-0.058  MAE~0.083  ent~8.277  eta 57m32s
[####------------------]   80/420  19%  J_H~-0.050  MAE~0.098  ent~8.182  eta 54m18s
[#####-----------------]  100/420  23%  J_H~-0.038  MAE~0.102  ent~8.151  eta 51m04s
[######----------------]  120/420  28%  J_H~-0.028  MAE~0.113  ent~7.960  eta 47m52s
[#######---------------]  140/420  33%  J_H~-0.013  MAE~0.139  ent~7.806  eta 44m41s
[########--------------]  160/420  38%  J_H~0.037  MAE~0.163  ent~7.437  eta 41m28s
[#########-------------]  180/420  42%  J_H~0.096  MAE~0.170  ent~6.527  eta 38m16s
[##########------------]  200/420  47%  J_H~0.186  MAE~0.165  ent~5.714  eta 35m05s
[############----------]  220/420  52%  J_H~0.232  MAE~0.162  ent~5.566  eta 31m53s
[#############---------]  240/420  57%  J_H~0.282  MAE~0.163  ent~5.435  eta 28m42s
[##############--------]  260/420  61%  J_H~0.310  MAE~0.160  ent~5.408  eta 25m31s
[###############-------]  280/420  66%  J_H~0.354  MAE~0.153  ent~5.047  eta 22m20s
[################------]  300/420  71%  J_H~0.365  MAE~0.157  ent~5.257  eta 19m08s
[#################-----]  320/420  76%  J_H~0.430  MAE~0.139  ent~4.935  eta 15m57s
[##################----]  340/420  80%  J_H~0.461  MAE~0.144  ent~5.156  eta 12m46s
[###################---]  360/420  85%  J_H~0.466  MAE~0.144  ent~4.939  eta 9m34s
[####################--]  380/420  90%  J_H~0.496  MAE~0.136  ent~4.994  eta 6m23s
[#####################-]  400/420  95%  J_H~0.510  MAE~0.137  ent~4.835  eta 3m11s
[######################]  420/420 100%  J_H~0.521  MAE~0.140  ent~5.002  eta 0s
done: best J_H(train)=0.5767 (stopped @ 420 updates)
saved checkpoint -> tenure/checkpoints/hd2conv_off_blind_s2.pt
[c1 07:55:15] DONE off_blind_s2
[c1 07:55:15] CONVERGE off_aware_s3
device=cuda params=468514 mode=off alpha=1.0 D=90
[#---------------------]   20/420   4%  J_H~-0.163  MAE~0.093  ent~8.522  eta 63m44s
[##--------------------]   40/420   9%  J_H~-0.079  MAE~0.093  ent~8.291  eta 60m44s
[###-------------------]   60/420  14%  J_H~-0.059  MAE~0.105  ent~8.224  eta 57m26s
[####------------------]   80/420  19%  J_H~-0.048  MAE~0.098  ent~8.140  eta 54m11s
[#####-----------------]  100/420  23%  J_H~-0.033  MAE~0.125  ent~7.950  eta 51m01s
[######----------------]  120/420  28%  J_H~-0.013  MAE~0.122  ent~7.610  eta 47m50s
[#######---------------]  140/420  33%  J_H~0.005  MAE~0.133  ent~7.653  eta 44m40s
[########--------------]  160/420  38%  J_H~0.043  MAE~0.133  ent~7.540  eta 41m28s
[#########-------------]  180/420  42%  J_H~0.050  MAE~0.151  ent~7.480  eta 38m17s
[##########------------]  200/420  47%  J_H~0.073  MAE~0.133  ent~7.301  eta 35m06s
[############----------]  220/420  52%  J_H~0.100  MAE~0.145  ent~7.228  eta 31m54s
[#############---------]  240/420  57%  J_H~0.091  MAE~0.148  ent~7.189  eta 28m42s
[##############--------]  260/420  61%  J_H~0.146  MAE~0.142  ent~6.811  eta 25m31s
[###############-------]  280/420  66%  J_H~0.174  MAE~0.141  ent~6.570  eta 22m19s
[################------]  300/420  71%  J_H~0.211  MAE~0.137  ent~6.239  eta 19m08s
[#################-----]  320/420  76%  J_H~0.240  MAE~0.132  ent~5.964  eta 15m57s
[##################----]  340/420  80%  J_H~0.244  MAE~0.144  ent~6.059  eta 12m45s
[###################---]  360/420  85%  J_H~0.262  MAE~0.139  ent~5.839  eta 9m33s
[####################--]  380/420  90%  J_H~0.261  MAE~0.142  ent~5.746  eta 6m22s
[#####################-]  400/420  95%  J_H~0.319  MAE~0.132  ent~5.277  eta 3m11s
[######################]  420/420 100%  J_H~0.312  MAE~0.141  ent~5.443  eta 0s
done: best J_H(train)=0.3598 (stopped @ 420 updates)
saved checkpoint -> tenure/checkpoints/hd2conv_off_aware_s3.pt
[c1 09:02:15] DONE off_aware_s3
[c1 09:02:15] CONVERGE mult_aware_s3
device=cuda params=468514 mode=multiplicative alpha=1.0 D=90
[#---------------------]   20/420   4%  J_H~-0.200  MAE~0.091  ent~8.559  eta 63m38s
[##--------------------]   40/420   9%  J_H~-0.083  MAE~0.112  ent~8.160  eta 60m19s
[###-------------------]   60/420  14%  J_H~-0.065  MAE~0.103  ent~8.040  eta 57m04s
[####------------------]   80/420  19%  J_H~-0.071  MAE~0.090  ent~8.335  eta 53m53s
[#####-----------------]  100/420  23%  J_H~-0.069  MAE~0.090  ent~8.216  eta 50m44s
[######----------------]  120/420  28%  J_H~-0.050  MAE~0.124  ent~8.119  eta 47m33s
[#######---------------]  140/420  33%  J_H~-0.030  MAE~0.121  ent~7.818  eta 44m22s
[########--------------]  160/420  38%  J_H~-0.009  MAE~0.121  ent~7.731  eta 41m10s
[#########-------------]  180/420  42%  J_H~0.039  MAE~0.120  ent~6.821  eta 38m00s
[##########------------]  200/420  47%  J_H~0.069  MAE~0.115  ent~5.931  eta 34m49s
[############----------]  220/420  52%  J_H~0.147  MAE~0.110  ent~4.025  eta 31m40s
[#############---------]  240/420  57%  J_H~0.180  MAE~0.108  ent~4.233  eta 28m30s
[##############--------]  260/420  61%  J_H~0.203  MAE~0.106  ent~4.158  eta 25m20s
[###############-------]  280/420  66%  J_H~0.218  MAE~0.111  ent~3.981  eta 22m09s
[################------]  300/420  71%  J_H~0.249  MAE~0.120  ent~3.849  eta 18m59s
[#################-----]  320/420  76%  J_H~0.272  MAE~0.126  ent~4.063  eta 15m49s
[##################----]  340/420  80%  J_H~0.350  MAE~0.133  ent~3.956  eta 12m39s
[###################---]  360/420  85%  J_H~0.386  MAE~0.123  ent~4.033  eta 9m29s
[####################--]  380/420  90%  J_H~0.403  MAE~0.122  ent~3.968  eta 6m19s
[#####################-]  400/420  95%  J_H~0.469  MAE~0.120  ent~3.964  eta 3m09s
[######################]  420/420 100%  J_H~0.497  MAE~0.119  ent~3.937  eta 0s
done: best J_H(train)=0.5439 (stopped @ 420 updates)
saved checkpoint -> tenure/checkpoints/hd2conv_mult_aware_s3.pt
[c1 10:08:45] DONE mult_aware_s3
[c1 10:08:45] CONVERGE off_blind_s4
device=cuda params=468002 mode=off alpha=1.0 D=90
[#---------------------]   20/420   4%  J_H~-0.131  MAE~0.087  ent~8.420  eta 64m07s
[##--------------------]   40/420   9%  J_H~-0.076  MAE~0.098  ent~8.325  eta 60m52s
[###-------------------]   60/420  14%  J_H~-0.057  MAE~0.087  ent~8.286  eta 57m31s
[####------------------]   80/420  19%  J_H~-0.045  MAE~0.088  ent~8.167  eta 54m18s
[#####-----------------]  100/420  23%  J_H~-0.031  MAE~0.105  ent~8.103  eta 51m05s
[######----------------]  120/420  28%  J_H~-0.030  MAE~0.108  ent~7.961  eta 47m52s
[#######---------------]  140/420  33%  J_H~-0.011  MAE~0.116  ent~7.799  eta 44m42s
[########--------------]  160/420  38%  J_H~0.002  MAE~0.110  ent~7.761  eta 41m30s
[#########-------------]  180/420  42%  J_H~0.036  MAE~0.122  ent~7.136  eta 38m18s
[##########------------]  200/420  47%  J_H~0.075  MAE~0.130  ent~6.545  eta 35m06s
[############----------]  220/420  52%  J_H~0.115  MAE~0.129  ent~4.555  eta 31m54s
[#############---------]  240/420  57%  J_H~0.211  MAE~0.147  ent~3.547  eta 28m42s
[##############--------]  260/420  61%  J_H~0.243  MAE~0.145  ent~3.397  eta 25m31s
[###############-------]  280/420  66%  J_H~0.282  MAE~0.140  ent~3.829  eta 22m19s
[################------]  300/420  71%  J_H~0.298  MAE~0.145  ent~4.008  eta 19m08s
[#################-----]  320/420  76%  J_H~0.314  MAE~0.152  ent~3.924  eta 15m56s
[##################----]  340/420  80%  J_H~0.373  MAE~0.144  ent~4.120  eta 12m45s
[###################---]  360/420  85%  J_H~0.379  MAE~0.150  ent~4.547  eta 9m34s
[####################--]  380/420  90%  J_H~0.408  MAE~0.146  ent~4.404  eta 6m22s
[#####################-]  400/420  95%  J_H~0.444  MAE~0.145  ent~4.428  eta 3m11s
[######################]  420/420 100%  J_H~0.431  MAE~0.148  ent~4.602  eta 0s
done: best J_H(train)=0.4699 (stopped @ 420 updates)
saved checkpoint -> tenure/checkpoints/hd2conv_off_blind_s4.pt
[c1 11:15:49] DONE off_blind_s4
[c1 11:15:49] CONV WORKER 1 EXIT (queue drained)
