[c0 03:26:39] CONVERGE off_aware_s0
device=cuda params=468514 mode=off alpha=1.0 D=90
[#---------------------]   20/420   4%  J_H~-0.151  MAE~0.093  ent~8.477  eta 63m28s
[##--------------------]   40/420   9%  J_H~-0.073  MAE~0.108  ent~8.289  eta 60m26s
[###-------------------]   60/420  14%  J_H~-0.061  MAE~0.098  ent~8.199  eta 57m26s
[####------------------]   80/420  19%  J_H~-0.047  MAE~0.104  ent~8.008  eta 54m16s
[#####-----------------]  100/420  23%  J_H~-0.019  MAE~0.113  ent~7.682  eta 51m06s
[######----------------]  120/420  28%  J_H~0.006  MAE~0.131  ent~7.373  eta 47m54s
[#######---------------]  140/420  33%  J_H~0.032  MAE~0.150  ent~7.176  eta 44m43s
[########--------------]  160/420  38%  J_H~0.060  MAE~0.155  ent~6.858  eta 41m32s
[#########-------------]  180/420  42%  J_H~0.093  MAE~0.156  ent~6.493  eta 38m20s
[##########------------]  200/420  47%  J_H~0.175  MAE~0.164  ent~4.108  eta 35m09s
[############----------]  220/420  52%  J_H~0.245  MAE~0.158  ent~4.827  eta 31m58s
[#############---------]  240/420  57%  J_H~0.233  MAE~0.155  ent~5.303  eta 28m46s
[##############--------]  260/420  61%  J_H~0.273  MAE~0.159  ent~5.174  eta 25m34s
[###############-------]  280/420  66%  J_H~0.296  MAE~0.157  ent~4.645  eta 22m22s
[################------]  300/420  71%  J_H~0.336  MAE~0.155  ent~4.962  eta 19m11s
[#################-----]  320/420  76%  J_H~0.352  MAE~0.154  ent~5.145  eta 15m59s
[##################----]  340/420  80%  J_H~0.407  MAE~0.149  ent~5.065  eta 12m47s
[###################---]  360/420  85%  J_H~0.410  MAE~0.154  ent~4.945  eta 9m35s
[####################--]  380/420  90%  J_H~0.473  MAE~0.147  ent~4.695  eta 6m23s
[#####################-]  400/420  95%  J_H~0.529  MAE~0.141  ent~4.240  eta 3m11s
[######################]  420/420 100%  J_H~0.563  MAE~0.137  ent~4.340  eta 0s
done: best J_H(train)=0.6145 (stopped @ 420 updates)
saved checkpoint -> tenure/checkpoints/hd2conv_off_aware_s0.pt
[c0 04:33:53] DONE off_aware_s0
[c0 04:33:53] CONVERGE mult_aware_s0
device=cuda params=468514 mode=multiplicative alpha=1.0 D=90
[#---------------------]   20/420   4%  J_H~-0.173  MAE~0.095  ent~8.447  eta 64m10s
[##--------------------]   40/420   9%  J_H~-0.086  MAE~0.104  ent~8.362  eta 60m47s
[###-------------------]   60/420  14%  J_H~-0.077  MAE~0.084  ent~8.359  eta 57m31s
[####------------------]   80/420  19%  J_H~-0.057  MAE~0.092  ent~8.290  eta 54m21s
[#####-----------------]  100/420  23%  J_H~-0.055  MAE~0.088  ent~8.301  eta 51m08s
[######----------------]  120/420  28%  J_H~-0.046  MAE~0.079  ent~8.120  eta 47m55s
[#######---------------]  140/420  33%  J_H~-0.037  MAE~0.094  ent~8.124  eta 44m42s
[########--------------]  160/420  38%  J_H~-0.034  MAE~0.091  ent~8.260  eta 41m29s
[#########-------------]  180/420  42%  J_H~-0.016  MAE~0.109  ent~7.975  eta 38m17s
[##########------------]  200/420  47%  J_H~0.007  MAE~0.127  ent~7.768  eta 35m05s
[############----------]  220/420  52%  J_H~0.061  MAE~0.163  ent~6.940  eta 31m53s
[#############---------]  240/420  57%  J_H~0.120  MAE~0.162  ent~6.320  eta 28m41s
[##############--------]  260/420  61%  J_H~0.154  MAE~0.155  ent~6.368  eta 25m29s
[###############-------]  280/420  66%  J_H~0.161  MAE~0.156  ent~6.065  eta 22m17s
[################------]  300/420  71%  J_H~0.219  MAE~0.151  ent~5.587  eta 19m06s
[#################-----]  320/420  76%  J_H~0.225  MAE~0.157  ent~5.355  eta 15m55s
[##################----]  340/420  80%  J_H~0.282  MAE~0.156  ent~5.147  eta 12m44s
[###################---]  360/420  85%  J_H~0.309  MAE~0.160  ent~4.327  eta 9m32s
[####################--]  380/420  90%  J_H~0.339  MAE~0.155  ent~4.332  eta 6m21s
[#####################-]  400/420  95%  J_H~0.391  MAE~0.156  ent~4.122  eta 3m10s
[######################]  420/420 100%  J_H~0.433  MAE~0.154  ent~4.433  eta 0s
done: best J_H(train)=0.4736 (stopped @ 420 updates)
saved checkpoint -> tenure/checkpoints/hd2conv_mult_aware_s0.pt
[c0 05:40:43] DONE mult_aware_s0
[c0 05:40:43] CONVERGE off_blind_s1
device=cuda params=468002 mode=off alpha=1.0 D=90
[#---------------------]   20/420   4%  J_H~-0.149  MAE~0.091  ent~8.451  eta 73m06s
[##--------------------]   40/420   9%  J_H~-0.074  MAE~0.087  ent~8.149  eta 64m52s
[###-------------------]   60/420  14%  J_H~-0.059  MAE~0.080  ent~8.151  eta 59m56s
[####------------------]   80/420  19%  J_H~-0.041  MAE~0.077  ent~8.050  eta 55m53s
[#####-----------------]  100/420  23%  J_H~-0.025  MAE~0.084  ent~8.052  eta 52m12s
[######----------------]  120/420  28%  J_H~-0.019  MAE~0.105  ent~7.779  eta 48m42s
[#######---------------]  140/420  33%  J_H~-0.009  MAE~0.123  ent~7.808  eta 45m17s
[########--------------]  160/420  38%  J_H~0.015  MAE~0.135  ent~7.609  eta 41m57s
[#########-------------]  180/420  42%  J_H~0.038  MAE~0.131  ent~7.412  eta 38m40s
[##########------------]  200/420  47%  J_H~0.061  MAE~0.131  ent~7.267  eta 35m24s
[############----------]  220/420  52%  J_H~0.082  MAE~0.145  ent~7.148  eta 32m08s
[#############---------]  240/420  57%  J_H~0.113  MAE~0.143  ent~6.789  eta 28m53s
[##############--------]  260/420  61%  J_H~0.119  MAE~0.146  ent~6.616  eta 25m40s
[###############-------]  280/420  66%  J_H~0.150  MAE~0.143  ent~6.469  eta 22m27s
[################------]  300/420  71%  J_H~0.177  MAE~0.148  ent~6.336  eta 19m13s
[#################-----]  320/420  76%  J_H~0.214  MAE~0.147  ent~5.834  eta 16m00s
[##################----]  340/420  80%  J_H~0.239  MAE~0.152  ent~5.791  eta 12m48s
[###################---]  360/420  85%  J_H~0.258  MAE~0.157  ent~5.854  eta 9m35s
[####################--]  380/420  90%  J_H~0.325  MAE~0.148  ent~5.480  eta 6m23s
[#####################-]  400/420  95%  J_H~0.383  MAE~0.134  ent~4.891  eta 3m11s
[######################]  420/420 100%  J_H~0.384  MAE~0.142  ent~4.769  eta 0s
done: best J_H(train)=0.4270 (stopped @ 420 updates)
saved checkpoint -> tenure/checkpoints/hd2conv_off_blind_s1.pt
[c0 06:47:54] DONE off_blind_s1
[c0 06:47:54] CONVERGE off_aware_s2
device=cuda params=468514 mode=off alpha=1.0 D=90
[#---------------------]   20/420   4%  J_H~-0.152  MAE~0.095  ent~8.430  eta 64m12s
[##--------------------]   40/420   9%  J_H~-0.076  MAE~0.094  ent~8.269  eta 60m48s
[###-------------------]   60/420  14%  J_H~-0.066  MAE~0.079  ent~8.270  eta 57m32s
[####------------------]   80/420  19%  J_H~-0.049  MAE~0.070  ent~8.061  eta 54m17s
[#####-----------------]  100/420  23%  J_H~-0.035  MAE~0.085  ent~7.940  eta 51m02s
[######----------------]  120/420  28%  J_H~-0.023  MAE~0.116  ent~7.883  eta 47m50s
[#######---------------]  140/420  33%  J_H~0.005  MAE~0.139  ent~7.666  eta 44m39s
[########--------------]  160/420  38%  J_H~0.032  MAE~0.129  ent~7.550  eta 41m27s
[#########-------------]  180/420  42%  J_H~0.059  MAE~0.144  ent~7.214  eta 38m15s
[##########------------]  200/420  47%  J_H~0.103  MAE~0.144  ent~6.338  eta 35m04s
[############----------]  220/420  52%  J_H~0.146  MAE~0.145  ent~5.582  eta 31m52s
[#############---------]  240/420  57%  J_H~0.193  MAE~0.154  ent~5.224  eta 28m41s
[##############--------]  260/420  61%  J_H~0.231  MAE~0.167  ent~4.997  eta 25m30s
[###############-------]  280/420  66%  J_H~0.303  MAE~0.162  ent~4.778  eta 22m19s
[################------]  300/420  71%  J_H~0.331  MAE~0.168  ent~4.926  eta 19m08s
[#################-----]  320/420  76%  J_H~0.398  MAE~0.156  ent~4.776  eta 15m56s
[##################----]  340/420  80%  J_H~0.422  MAE~0.156  ent~4.866  eta 12m45s
[###################---]  360/420  85%  J_H~0.514  MAE~0.140  ent~4.540  eta 9m34s
[####################--]  380/420  90%  J_H~0.519  MAE~0.140  ent~4.510  eta 6m22s
[#####################-]  400/420  95%  J_H~0.534  MAE~0.147  ent~4.665  eta 3m11s
[######################]  420/420 100%  J_H~0.604  MAE~0.135  ent~4.546  eta 0s
done: best J_H(train)=0.6695 (stopped @ 420 updates)
saved checkpoint -> tenure/checkpoints/hd2conv_off_aware_s2.pt
[c0 07:54:57] DONE off_aware_s2
[c0 07:54:57] CONVERGE mult_aware_s2
device=cuda params=468514 mode=multiplicative alpha=1.0 D=90
[#---------------------]   20/420   4%  J_H~-0.204  MAE~0.082  ent~8.550  eta 63m50s
[##--------------------]   40/420   9%  J_H~-0.085  MAE~0.096  ent~8.373  eta 60m42s
[###-------------------]   60/420  14%  J_H~-0.066  MAE~0.084  ent~8.287  eta 57m25s
[####------------------]   80/420  19%  J_H~-0.049  MAE~0.080  ent~8.104  eta 54m11s
[#####-----------------]  100/420  23%  J_H~-0.028  MAE~0.095  ent~7.788  eta 51m02s
[######----------------]  120/420  28%  J_H~-0.012  MAE~0.100  ent~7.630  eta 47m50s
[#######---------------]  140/420  33%  J_H~-0.006  MAE~0.116  ent~7.622  eta 44m40s
[########--------------]  160/420  38%  J_H~0.008  MAE~0.110  ent~7.803  eta 41m29s
[#########-------------]  180/420  42%  J_H~0.020  MAE~0.126  ent~7.727  eta 38m17s
[##########------------]  200/420  47%  J_H~0.038  MAE~0.139  ent~7.563  eta 35m06s
[############----------]  220/420  52%  J_H~0.058  MAE~0.133  ent~7.154  eta 31m55s
[#############---------]  240/420  57%  J_H~0.077  MAE~0.144  ent~7.059  eta 28m43s
[##############--------]  260/420  61%  J_H~0.112  MAE~0.150  ent~6.374  eta 25m31s
[###############-------]  280/420  66%  J_H~0.170  MAE~0.162  ent~4.991  eta 22m19s
[################------]  300/420  71%  J_H~0.229  MAE~0.152  ent~4.135  eta 19m08s
[#################-----]  320/420  76%  J_H~0.266  MAE~0.154  ent~4.579  eta 15m56s
[##################----]  340/420  80%  J_H~0.297  MAE~0.164  ent~4.523  eta 12m45s
[###################---]  360/420  85%  J_H~0.365  MAE~0.156  ent~4.405  eta 9m33s
[####################--]  380/420  90%  J_H~0.428  MAE~0.155  ent~4.444  eta 6m22s
[#####################-]  400/420  95%  J_H~0.489  MAE~0.140  ent~4.391  eta 3m11s
[######################]  420/420 100%  J_H~0.487  MAE~0.149  ent~4.761  eta 0s
done: best J_H(train)=0.5228 (stopped @ 420 updates)
saved checkpoint -> tenure/checkpoints/hd2conv_mult_aware_s2.pt
[c0 09:01:57] DONE mult_aware_s2
[c0 09:01:57] CONVERGE off_blind_s3
device=cuda params=468002 mode=off alpha=1.0 D=90
[#---------------------]   20/420   4%  J_H~-0.154  MAE~0.090  ent~8.477  eta 63m45s
[##--------------------]   40/420   9%  J_H~-0.076  MAE~0.080  ent~8.218  eta 60m20s
[###-------------------]   60/420  14%  J_H~-0.060  MAE~0.072  ent~8.127  eta 57m05s
[####------------------]   80/420  19%  J_H~-0.037  MAE~0.091  ent~8.019  eta 53m54s
[#####-----------------]  100/420  23%  J_H~-0.040  MAE~0.078  ent~7.809  eta 50m45s
[######----------------]  120/420  28%  J_H~-0.026  MAE~0.094  ent~7.809  eta 47m34s
[#######---------------]  140/420  33%  J_H~-0.017  MAE~0.089  ent~7.736  eta 44m22s
[########--------------]  160/420  38%  J_H~0.004  MAE~0.095  ent~7.628  eta 41m11s
[#########-------------]  180/420  42%  J_H~0.011  MAE~0.124  ent~7.670  eta 38m02s
[##########------------]  200/420  47%  J_H~0.016  MAE~0.122  ent~7.691  eta 34m51s
[############----------]  220/420  52%  J_H~0.030  MAE~0.132  ent~7.465  eta 31m41s
[#############---------]  240/420  57%  J_H~0.037  MAE~0.125  ent~7.356  eta 28m31s
[##############--------]  260/420  61%  J_H~0.066  MAE~0.156  ent~6.875  eta 25m21s
[###############-------]  280/420  66%  J_H~0.093  MAE~0.147  ent~6.872  eta 22m10s
[################------]  300/420  71%  J_H~0.097  MAE~0.152  ent~6.787  eta 19m00s
[#################-----]  320/420  76%  J_H~0.146  MAE~0.156  ent~6.262  eta 15m50s
[##################----]  340/420  80%  J_H~0.210  MAE~0.152  ent~5.520  eta 12m40s
[###################---]  360/420  85%  J_H~0.297  MAE~0.148  ent~4.758  eta 9m30s
[####################--]  380/420  90%  J_H~0.319  MAE~0.151  ent~4.965  eta 6m20s
[#####################-]  400/420  95%  J_H~0.346  MAE~0.152  ent~4.909  eta 3m10s
[######################]  420/420 100%  J_H~0.392  MAE~0.144  ent~4.635  eta 0s
done: best J_H(train)=0.4405 (stopped @ 420 updates)
saved checkpoint -> tenure/checkpoints/hd2conv_off_blind_s3.pt
[c0 10:08:33] DONE off_blind_s3
[c0 10:08:33] CONVERGE off_aware_s4
device=cuda params=468514 mode=off alpha=1.0 D=90
[#---------------------]   20/420   4%  J_H~-0.161  MAE~0.098  ent~8.510  eta 63m25s
[##--------------------]   40/420   9%  J_H~-0.077  MAE~0.111  ent~8.333  eta 60m29s
[###-------------------]   60/420  14%  J_H~-0.055  MAE~0.113  ent~8.227  eta 57m21s
[####------------------]   80/420  19%  J_H~-0.032  MAE~0.119  ent~7.866  eta 54m10s
[#####-----------------]  100/420  23%  J_H~-0.026  MAE~0.121  ent~7.945  eta 50m59s
[######----------------]  120/420  28%  J_H~0.012  MAE~0.132  ent~7.055  eta 47m45s
[#######---------------]  140/420  33%  J_H~0.053  MAE~0.128  ent~5.818  eta 44m36s
[########--------------]  160/420  38%  J_H~0.137  MAE~0.155  ent~4.176  eta 41m25s
[#########-------------]  180/420  42%  J_H~0.212  MAE~0.168  ent~4.543  eta 38m14s
[##########------------]  200/420  47%  J_H~0.261  MAE~0.162  ent~4.348  eta 35m03s
[############----------]  220/420  52%  J_H~0.338  MAE~0.156  ent~4.167  eta 31m51s
[#############---------]  240/420  57%  J_H~0.371  MAE~0.151  ent~4.115  eta 28m40s
[##############--------]  260/420  61%  J_H~0.394  MAE~0.147  ent~4.616  eta 25m29s
[###############-------]  280/420  66%  J_H~0.377  MAE~0.150  ent~4.424  eta 22m18s
[################------]  300/420  71%  J_H~0.430  MAE~0.150  ent~4.568  eta 19m07s
[#################-----]  320/420  76%  J_H~0.431  MAE~0.144  ent~4.640  eta 15m55s
[##################----]  340/420  80%  J_H~0.469  MAE~0.142  ent~4.546  eta 12m44s
[###################---]  360/420  85%  J_H~0.465  MAE~0.143  ent~4.746  eta 9m33s
[####################--]  380/420  90%  J_H~0.454  MAE~0.145  ent~4.870  eta 6m22s
[#####################-]  400/420  95%  J_H~0.508  MAE~0.135  ent~4.465  eta 3m11s
[######################]  420/420 100%  J_H~0.508  MAE~0.138  ent~4.636  eta 0s
done: best J_H(train)=0.5330 (stopped @ 420 updates)
saved checkpoint -> tenure/checkpoints/hd2conv_off_aware_s4.pt
[c0 11:15:32] DONE off_aware_s4
[c0 11:15:32] CONVERGE mult_aware_s4
device=cuda params=468514 mode=multiplicative alpha=1.0 D=90
[#---------------------]   20/420   4%  J_H~-0.181  MAE~0.091  ent~8.573  eta 55m58s
[##--------------------]   40/420   9%  J_H~-0.099  MAE~0.094  ent~8.441  eta 52m26s
[###-------------------]   60/420  14%  J_H~-0.068  MAE~0.085  ent~8.297  eta 49m24s
[####------------------]   80/420  19%  J_H~-0.052  MAE~0.079  ent~8.221  eta 46m29s
[#####-----------------]  100/420  23%  J_H~-0.059  MAE~0.084  ent~8.253  eta 43m39s
[######----------------]  120/420  28%  J_H~-0.053  MAE~0.095  ent~8.188  eta 40m53s
[#######---------------]  140/420  33%  J_H~-0.024  MAE~0.092  ent~7.928  eta 38m07s
[########--------------]  160/420  38%  J_H~0.001  MAE~0.107  ent~7.913  eta 35m23s
[#########-------------]  180/420  42%  J_H~-0.004  MAE~0.099  ent~7.762  eta 32m39s
[##########------------]  200/420  47%  J_H~0.013  MAE~0.122  ent~7.676  eta 29m55s
[############----------]  220/420  52%  J_H~0.031  MAE~0.136  ent~7.504  eta 27m11s
[#############---------]  240/420  57%  J_H~0.034  MAE~0.123  ent~7.471  eta 24m27s
[##############--------]  260/420  61%  J_H~0.074  MAE~0.145  ent~6.883  eta 21m44s
[###############-------]  280/420  66%  J_H~0.128  MAE~0.161  ent~5.782  eta 19m01s
[################------]  300/420  71%  J_H~0.228  MAE~0.167  ent~5.085  eta 16m18s
[#################-----]  320/420  76%  J_H~0.299  MAE~0.158  ent~4.936  eta 13m34s
[##################----]  340/420  80%  J_H~0.326  MAE~0.157  ent~5.152  eta 10m51s
[###################---]  360/420  85%  J_H~0.332  MAE~0.161  ent~5.344  eta 8m08s
[####################--]  380/420  90%  J_H~0.425  MAE~0.154  ent~4.906  eta 5m25s
[#####################-]  400/420  95%  J_H~0.503  MAE~0.139  ent~4.426  eta 2m42s
[######################]  420/420 100%  J_H~0.529  MAE~0.144  ent~4.392  eta 0s
done: best J_H(train)=0.5688 (stopped @ 420 updates)
saved checkpoint -> tenure/checkpoints/hd2conv_mult_aware_s4.pt
[c0 12:12:34] DONE mult_aware_s4
[c0 12:12:35] CONV WORKER 0 EXIT (queue drained)
