[16:18:32] SKIP off_aware_s0 (exists)
[16:18:32] START off_blind_s0
device=cuda params=468002 mode=off alpha=1.0 D=90
[##--------------------]   20/220   9%  J_H~-0.163  MAE~0.090  ent~8.411  eta 27m48s
[####------------------]   40/220  18%  J_H~-0.078  MAE~0.066  ent~8.296  eta 24m47s
[######----------------]   60/220  27%  J_H~-0.060  MAE~0.085  ent~8.272  eta 21m54s
[########--------------]   80/220  36%  J_H~-0.044  MAE~0.110  ent~8.077  eta 19m06s
[##########------------]  100/220  45%  J_H~-0.032  MAE~0.101  ent~8.024  eta 16m21s
[############----------]  120/220  54%  J_H~-0.015  MAE~0.117  ent~7.916  eta 13m37s
[##############--------]  140/220  63%  J_H~0.010  MAE~0.136  ent~7.669  eta 10m55s
[################------]  160/220  72%  J_H~0.051  MAE~0.152  ent~7.285  eta 8m13s
[##################----]  180/220  81%  J_H~0.054  MAE~0.150  ent~7.145  eta 5m30s
[####################--]  200/220  90%  J_H~0.067  MAE~0.152  ent~7.099  eta 2m45s
[######################]  220/220 100%  J_H~0.079  MAE~0.147  ent~7.296  eta 0s
done: best J_H(train)=0.0966
saved checkpoint -> tenure/checkpoints/hd2_off_blind_s0.pt
[16:49:01] DONE off_blind_s0
[16:49:01] START mult_aware_s0
device=cuda params=468514 mode=multiplicative alpha=1.0 D=90
[##--------------------]   20/220   9%  J_H~-0.173  MAE~0.095  ent~8.447  eta 31m56s
[####------------------]   40/220  18%  J_H~-0.086  MAE~0.104  ent~8.362  eta 28m05s
[######----------------]   60/220  27%  J_H~-0.077  MAE~0.084  ent~8.359  eta 23m50s
[########--------------]   80/220  36%  J_H~-0.057  MAE~0.092  ent~8.290  eta 20m33s
[##########------------]  100/220  45%  J_H~-0.055  MAE~0.088  ent~8.301  eta 17m25s
[############----------]  120/220  54%  J_H~-0.046  MAE~0.079  ent~8.120  eta 14m23s
[##############--------]  140/220  63%  J_H~-0.037  MAE~0.094  ent~8.124  eta 11m23s
[################------]  160/220  72%  J_H~-0.034  MAE~0.091  ent~8.260  eta 8m29s
[##################----]  180/220  81%  J_H~-0.016  MAE~0.109  ent~7.975  eta 5m38s
[####################--]  200/220  90%  J_H~0.007  MAE~0.127  ent~7.768  eta 2m48s
[######################]  220/220 100%  J_H~0.061  MAE~0.163  ent~6.940  eta 0s
done: best J_H(train)=0.0726
saved checkpoint -> tenure/checkpoints/hd2_mult_aware_s0.pt
[17:19:48] DONE mult_aware_s0
[17:19:48] START off_aware_s1
device=cuda params=468514 mode=off alpha=1.0 D=90
[##--------------------]   20/220   9%  J_H~-0.172  MAE~0.090  ent~8.207  eta 31m17s
[####------------------]   40/220  18%  J_H~-0.082  MAE~0.076  ent~8.209  eta 26m17s
[######----------------]   60/220  27%  J_H~-0.062  MAE~0.079  ent~8.134  eta 22m55s
[########--------------]   80/220  36%  J_H~-0.053  MAE~0.077  ent~8.098  eta 19m45s
[##########------------]  100/220  45%  J_H~-0.051  MAE~0.083  ent~8.161  eta 16m46s
[############----------]  120/220  54%  J_H~-0.040  MAE~0.084  ent~8.092  eta 13m54s
[##############--------]  140/220  63%  J_H~-0.032  MAE~0.100  ent~7.983  eta 11m04s
[################------]  160/220  72%  J_H~-0.010  MAE~0.111  ent~7.845  eta 8m16s
[##################----]  180/220  81%  J_H~0.002  MAE~0.142  ent~7.674  eta 5m30s
[####################--]  200/220  90%  J_H~0.040  MAE~0.145  ent~7.248  eta 2m44s
[######################]  220/220 100%  J_H~0.085  MAE~0.136  ent~6.780  eta 0s
done: best J_H(train)=0.0942
saved checkpoint -> tenure/checkpoints/hd2_off_aware_s1.pt
[17:49:58] DONE off_aware_s1
[17:49:58] START off_blind_s1
device=cuda params=468002 mode=off alpha=1.0 D=90
[##--------------------]   20/220   9%  J_H~-0.149  MAE~0.091  ent~8.451  eta 26m55s
[####------------------]   40/220  18%  J_H~-0.074  MAE~0.087  ent~8.149  eta 24m17s
[######----------------]   60/220  27%  J_H~-0.059  MAE~0.080  ent~8.151  eta 21m32s
[########--------------]   80/220  36%  J_H~-0.041  MAE~0.077  ent~8.050  eta 18m48s
[##########------------]  100/220  45%  J_H~-0.025  MAE~0.084  ent~8.052  eta 16m05s
[############----------]  120/220  54%  J_H~-0.019  MAE~0.105  ent~7.779  eta 13m23s
[##############--------]  140/220  63%  J_H~-0.009  MAE~0.123  ent~7.808  eta 10m43s
[################------]  160/220  72%  J_H~0.015  MAE~0.135  ent~7.609  eta 8m02s
[##################----]  180/220  81%  J_H~0.038  MAE~0.131  ent~7.412  eta 5m21s
[####################--]  200/220  90%  J_H~0.061  MAE~0.131  ent~7.267  eta 2m40s
[######################]  220/220 100%  J_H~0.082  MAE~0.145  ent~7.148  eta 0s
done: best J_H(train)=0.0995
saved checkpoint -> tenure/checkpoints/hd2_off_blind_s1.pt
[18:19:35] DONE off_blind_s1
[18:19:35] START mult_aware_s1
device=cuda params=468514 mode=multiplicative alpha=1.0 D=90
