[w1 18:20:31] START off_aware_s2
device=cuda params=468514 mode=off alpha=1.0 D=90
[##--------------------]   20/220   9%  J_H~-0.152  MAE~0.095  ent~8.430  eta 33m35s
[####------------------]   40/220  18%  J_H~-0.076  MAE~0.094  ent~8.269  eta 29m45s
[######----------------]   60/220  27%  J_H~-0.066  MAE~0.079  ent~8.270  eta 26m19s
[########--------------]   80/220  36%  J_H~-0.049  MAE~0.070  ent~8.061  eta 22m58s
[##########------------]  100/220  45%  J_H~-0.035  MAE~0.085  ent~7.940  eta 19m41s
[############----------]  120/220  54%  J_H~-0.023  MAE~0.116  ent~7.883  eta 16m21s
[##############--------]  140/220  63%  J_H~0.005  MAE~0.139  ent~7.666  eta 13m04s
[################------]  160/220  72%  J_H~0.032  MAE~0.129  ent~7.550  eta 9m47s
[##################----]  180/220  81%  J_H~0.059  MAE~0.144  ent~7.214  eta 6m30s
[####################--]  200/220  90%  J_H~0.103  MAE~0.144  ent~6.338  eta 3m15s
[######################]  220/220 100%  J_H~0.146  MAE~0.145  ent~5.582  eta 0s
done: best J_H(train)=0.1730
saved checkpoint -> tenure/checkpoints/hd2_off_aware_s2.pt
[w1 18:56:19] DONE off_aware_s2
[w1 18:56:19] START mult_aware_s2
device=cuda params=468514 mode=multiplicative alpha=1.0 D=90
[##--------------------]   20/220   9%  J_H~-0.204  MAE~0.082  ent~8.550  eta 37m31s
[####------------------]   40/220  18%  J_H~-0.085  MAE~0.096  ent~8.373  eta 31m18s
[######----------------]   60/220  27%  J_H~-0.066  MAE~0.084  ent~8.287  eta 27m07s
[########--------------]   80/220  36%  J_H~-0.049  MAE~0.080  ent~8.104  eta 23m22s
[##########------------]  100/220  45%  J_H~-0.028  MAE~0.095  ent~7.788  eta 19m54s
[############----------]  120/220  54%  J_H~-0.012  MAE~0.100  ent~7.630  eta 16m30s
[##############--------]  140/220  63%  J_H~-0.006  MAE~0.116  ent~7.622  eta 13m09s
[################------]  160/220  72%  J_H~0.008  MAE~0.110  ent~7.803  eta 9m50s
[##################----]  180/220  81%  J_H~0.020  MAE~0.126  ent~7.727  eta 6m32s
[####################--]  200/220  90%  J_H~0.038  MAE~0.139  ent~7.563  eta 3m16s
[######################]  220/220 100%  J_H~0.058  MAE~0.133  ent~7.154  eta 0s
done: best J_H(train)=0.0817
saved checkpoint -> tenure/checkpoints/hd2_mult_aware_s2.pt
[w1 19:32:19] DONE mult_aware_s2
[w1 19:32:19] START off_blind_s3
device=cuda params=468002 mode=off alpha=1.0 D=90
[##--------------------]   20/220   9%  J_H~-0.154  MAE~0.090  ent~8.477  eta 40m16s
[####------------------]   40/220  18%  J_H~-0.076  MAE~0.080  ent~8.218  eta 32m58s
[######----------------]   60/220  27%  J_H~-0.060  MAE~0.072  ent~8.127  eta 28m08s
[########--------------]   80/220  36%  J_H~-0.037  MAE~0.091  ent~8.019  eta 24m05s
[##########------------]  100/220  45%  J_H~-0.040  MAE~0.078  ent~7.809  eta 20m33s
[############----------]  120/220  54%  J_H~-0.026  MAE~0.094  ent~7.809  eta 17m06s
[##############--------]  140/220  63%  J_H~-0.017  MAE~0.089  ent~7.736  eta 13m34s
[################------]  160/220  72%  J_H~0.004  MAE~0.095  ent~7.628  eta 10m06s
[##################----]  180/220  81%  J_H~0.011  MAE~0.124  ent~7.670  eta 6m42s
[####################--]  200/220  90%  J_H~0.016  MAE~0.122  ent~7.691  eta 3m20s
[######################]  220/220 100%  J_H~0.030  MAE~0.132  ent~7.465  eta 0s
done: best J_H(train)=0.0443
saved checkpoint -> tenure/checkpoints/hd2_off_blind_s3.pt
[w1 20:08:57] DONE off_blind_s3
[w1 20:08:57] START off_aware_s4
device=cuda params=468514 mode=off alpha=1.0 D=90
[##--------------------]   20/220   9%  J_H~-0.161  MAE~0.098  ent~8.510  eta 32m25s
[####------------------]   40/220  18%  J_H~-0.077  MAE~0.111  ent~8.333  eta 28m59s
[######----------------]   60/220  27%  J_H~-0.055  MAE~0.113  ent~8.227  eta 25m46s
[########--------------]   80/220  36%  J_H~-0.032  MAE~0.119  ent~7.866  eta 22m33s
[##########------------]  100/220  45%  J_H~-0.026  MAE~0.121  ent~7.945  eta 19m21s
[############----------]  120/220  54%  J_H~0.012  MAE~0.132  ent~7.055  eta 16m44s
[##############--------]  140/220  63%  J_H~0.053  MAE~0.128  ent~5.818  eta 13m23s
[################------]  160/220  72%  J_H~0.137  MAE~0.155  ent~4.176  eta 9m59s
[##################----]  180/220  81%  J_H~0.212  MAE~0.168  ent~4.543  eta 6m37s
[####################--]  200/220  90%  J_H~0.261  MAE~0.162  ent~4.348  eta 3m18s
[######################]  220/220 100%  J_H~0.338  MAE~0.156  ent~4.167  eta 0s
done: best J_H(train)=0.3587
saved checkpoint -> tenure/checkpoints/hd2_off_aware_s4.pt
[w1 20:45:15] DONE off_aware_s4
[w1 20:45:15] START mult_aware_s4
device=cuda params=468514 mode=multiplicative alpha=1.0 D=90
[##--------------------]   20/220   9%  J_H~-0.181  MAE~0.091  ent~8.573  eta 39m43s
[####------------------]   40/220  18%  J_H~-0.099  MAE~0.094  ent~8.441  eta 33m18s
[######----------------]   60/220  27%  J_H~-0.068  MAE~0.085  ent~8.297  eta 28m22s
[########--------------]   80/220  36%  J_H~-0.052  MAE~0.079  ent~8.221  eta 24m14s
[##########------------]  100/220  45%  J_H~-0.059  MAE~0.084  ent~8.253  eta 20m29s
[############----------]  120/220  54%  J_H~-0.053  MAE~0.095  ent~8.188  eta 16m55s
[##############--------]  140/220  63%  J_H~-0.024  MAE~0.092  ent~7.928  eta 13m26s
[################------]  160/220  72%  J_H~0.001  MAE~0.107  ent~7.913  eta 10m01s
[##################----]  180/220  81%  J_H~-0.004  MAE~0.099  ent~7.762  eta 6m39s
[####################--]  200/220  90%  J_H~0.013  MAE~0.122  ent~7.676  eta 3m18s
[######################]  220/220 100%  J_H~0.031  MAE~0.136  ent~7.504  eta 0s
done: best J_H(train)=0.0413
saved checkpoint -> tenure/checkpoints/hd2_mult_aware_s4.pt
[w1 21:21:34] DONE mult_aware_s4
[w1 21:21:34] WORKER 1 EXIT (queue drained)
